{
    "-profile test": {
        "content": [
            20,
            {
                "BGZIPTABIX_ALL": {
                    "bgzip": 1.21,
                    "tabix": 1.21
                },
                "BGZIPTABIX_COL": {
                    "bgzip": 1.21,
                    "tabix": 1.21
                },
                "FASTAWINDOWS": {
                    "fasta_windows": "0.2.4"
                },
                "GUNZIP": {
                    "gunzip": 1.13
                },
                "SAMTOOLS_FAIDX": {
                    "samtools": "1.23.1"
                },
                "Workflow": {
                    "sanger-tol/sequencecomposition": "v1.2.0"
                }
            },
            [
                "base_content",
                "base_content/k1",
                "base_content/k1/GCA_927399515.1_gfLaeSulp1.1_genomic.A.1k.bedGraph.gz",
                "base_content/k1/GCA_927399515.1_gfLaeSulp1.1_genomic.A.1k.bedGraph.gz.csi",
                "base_content/k1/GCA_927399515.1_gfLaeSulp1.1_genomic.A.1k.bedGraph.gz.gzi",
                "base_content/k1/GCA_927399515.1_gfLaeSulp1.1_genomic.A.1k.bedGraph.gz.tbi",
                "base_content/k1/GCA_927399515.1_gfLaeSulp1.1_genomic.AT_skew.1k.bedGraph.gz",
                "base_content/k1/GCA_927399515.1_gfLaeSulp1.1_genomic.AT_skew.1k.bedGraph.gz.csi",
                "base_content/k1/GCA_927399515.1_gfLaeSulp1.1_genomic.AT_skew.1k.bedGraph.gz.gzi",
                "base_content/k1/GCA_927399515.1_gfLaeSulp1.1_genomic.AT_skew.1k.bedGraph.gz.tbi",
                "base_content/k1/GCA_927399515.1_gfLaeSulp1.1_genomic.C.1k.bedGraph.gz",
                "base_content/k1/GCA_927399515.1_gfLaeSulp1.1_genomic.C.1k.bedGraph.gz.csi",
                "base_content/k1/GCA_927399515.1_gfLaeSulp1.1_genomic.C.1k.bedGraph.gz.gzi",
                "base_content/k1/GCA_927399515.1_gfLaeSulp1.1_genomic.C.1k.bedGraph.gz.tbi",
                "base_content/k1/GCA_927399515.1_gfLaeSulp1.1_genomic.G.1k.bedGraph.gz",
                "base_content/k1/GCA_927399515.1_gfLaeSulp1.1_genomic.G.1k.bedGraph.gz.csi",
                "base_content/k1/GCA_927399515.1_gfLaeSulp1.1_genomic.G.1k.bedGraph.gz.gzi",
                "base_content/k1/GCA_927399515.1_gfLaeSulp1.1_genomic.G.1k.bedGraph.gz.tbi",
                "base_content/k1/GCA_927399515.1_gfLaeSulp1.1_genomic.GC.1k.bedGraph.gz",
                "base_content/k1/GCA_927399515.1_gfLaeSulp1.1_genomic.GC.1k.bedGraph.gz.csi",
                "base_content/k1/GCA_927399515.1_gfLaeSulp1.1_genomic.GC.1k.bedGraph.gz.gzi",
                "base_content/k1/GCA_927399515.1_gfLaeSulp1.1_genomic.GC.1k.bedGraph.gz.tbi",
                "base_content/k1/GCA_927399515.1_gfLaeSulp1.1_genomic.GC_skew.1k.bedGraph.gz",
                "base_content/k1/GCA_927399515.1_gfLaeSulp1.1_genomic.GC_skew.1k.bedGraph.gz.csi",
                "base_content/k1/GCA_927399515.1_gfLaeSulp1.1_genomic.GC_skew.1k.bedGraph.gz.gzi",
                "base_content/k1/GCA_927399515.1_gfLaeSulp1.1_genomic.GC_skew.1k.bedGraph.gz.tbi",
                "base_content/k1/GCA_927399515.1_gfLaeSulp1.1_genomic.N.1k.bedGraph.gz",
                "base_content/k1/GCA_927399515.1_gfLaeSulp1.1_genomic.N.1k.bedGraph.gz.csi",
                "base_content/k1/GCA_927399515.1_gfLaeSulp1.1_genomic.N.1k.bedGraph.gz.gzi",
                "base_content/k1/GCA_927399515.1_gfLaeSulp1.1_genomic.N.1k.bedGraph.gz.tbi",
                "base_content/k1/GCA_927399515.1_gfLaeSulp1.1_genomic.T.1k.bedGraph.gz",
                "base_content/k1/GCA_927399515.1_gfLaeSulp1.1_genomic.T.1k.bedGraph.gz.csi",
                "base_content/k1/GCA_927399515.1_gfLaeSulp1.1_genomic.T.1k.bedGraph.gz.gzi",
                "base_content/k1/GCA_927399515.1_gfLaeSulp1.1_genomic.T.1k.bedGraph.gz.tbi",
                "base_content/k1/GCA_927399515.1_gfLaeSulp1.1_genomic.mononuc.1k.tsv.gz",
                "base_content/k1/GCA_927399515.1_gfLaeSulp1.1_genomic.mononuc.1k.tsv.gz.csi",
                "base_content/k1/GCA_927399515.1_gfLaeSulp1.1_genomic.mononuc.1k.tsv.gz.gzi",
                "base_content/k1/GCA_927399515.1_gfLaeSulp1.1_genomic.mononuc.1k.tsv.gz.tbi",
                "base_content/k1/GCA_927399515.1_gfLaeSulp1.1_genomic.nucShannon.1k.bedGraph.gz",
                "base_content/k1/GCA_927399515.1_gfLaeSulp1.1_genomic.nucShannon.1k.bedGraph.gz.csi",
                "base_content/k1/GCA_927399515.1_gfLaeSulp1.1_genomic.nucShannon.1k.bedGraph.gz.gzi",
                "base_content/k1/GCA_927399515.1_gfLaeSulp1.1_genomic.nucShannon.1k.bedGraph.gz.tbi",
                "base_content/k2",
                "base_content/k2/GCA_927399515.1_gfLaeSulp1.1_genomic.CpG.1k.bedGraph.gz",
                "base_content/k2/GCA_927399515.1_gfLaeSulp1.1_genomic.CpG.1k.bedGraph.gz.csi",
                "base_content/k2/GCA_927399515.1_gfLaeSulp1.1_genomic.CpG.1k.bedGraph.gz.gzi",
                "base_content/k2/GCA_927399515.1_gfLaeSulp1.1_genomic.CpG.1k.bedGraph.gz.tbi",
                "base_content/k2/GCA_927399515.1_gfLaeSulp1.1_genomic.dinuc.1k.tsv.gz",
                "base_content/k2/GCA_927399515.1_gfLaeSulp1.1_genomic.dinuc.1k.tsv.gz.csi",
                "base_content/k2/GCA_927399515.1_gfLaeSulp1.1_genomic.dinuc.1k.tsv.gz.gzi",
                "base_content/k2/GCA_927399515.1_gfLaeSulp1.1_genomic.dinuc.1k.tsv.gz.tbi",
                "base_content/k2/GCA_927399515.1_gfLaeSulp1.1_genomic.dinucShannon.1k.bedGraph.gz",
                "base_content/k2/GCA_927399515.1_gfLaeSulp1.1_genomic.dinucShannon.1k.bedGraph.gz.csi",
                "base_content/k2/GCA_927399515.1_gfLaeSulp1.1_genomic.dinucShannon.1k.bedGraph.gz.gzi",
                "base_content/k2/GCA_927399515.1_gfLaeSulp1.1_genomic.dinucShannon.1k.bedGraph.gz.tbi",
                "base_content/k3",
                "base_content/k3/GCA_927399515.1_gfLaeSulp1.1_genomic.trinuc.1k.tsv.gz",
                "base_content/k3/GCA_927399515.1_gfLaeSulp1.1_genomic.trinuc.1k.tsv.gz.csi",
                "base_content/k3/GCA_927399515.1_gfLaeSulp1.1_genomic.trinuc.1k.tsv.gz.gzi",
                "base_content/k3/GCA_927399515.1_gfLaeSulp1.1_genomic.trinuc.1k.tsv.gz.tbi",
                "base_content/k3/GCA_927399515.1_gfLaeSulp1.1_genomic.trinucShannon.1k.bedGraph.gz",
                "base_content/k3/GCA_927399515.1_gfLaeSulp1.1_genomic.trinucShannon.1k.bedGraph.gz.csi",
                "base_content/k3/GCA_927399515.1_gfLaeSulp1.1_genomic.trinucShannon.1k.bedGraph.gz.gzi",
                "base_content/k3/GCA_927399515.1_gfLaeSulp1.1_genomic.trinucShannon.1k.bedGraph.gz.tbi",
                "base_content/k4",
                "base_content/k4/GCA_927399515.1_gfLaeSulp1.1_genomic.tetranuc.1k.tsv.gz",
                "base_content/k4/GCA_927399515.1_gfLaeSulp1.1_genomic.tetranuc.1k.tsv.gz.csi",
                "base_content/k4/GCA_927399515.1_gfLaeSulp1.1_genomic.tetranuc.1k.tsv.gz.gzi",
                "base_content/k4/GCA_927399515.1_gfLaeSulp1.1_genomic.tetranuc.1k.tsv.gz.tbi",
                "base_content/k4/GCA_927399515.1_gfLaeSulp1.1_genomic.tetranucShannon.1k.bedGraph.gz",
                "base_content/k4/GCA_927399515.1_gfLaeSulp1.1_genomic.tetranucShannon.1k.bedGraph.gz.csi",
                "base_content/k4/GCA_927399515.1_gfLaeSulp1.1_genomic.tetranucShannon.1k.bedGraph.gz.gzi",
                "base_content/k4/GCA_927399515.1_gfLaeSulp1.1_genomic.tetranucShannon.1k.bedGraph.gz.tbi",
                "pipeline_info",
                "pipeline_info/sequencecomposition_software_versions.yml"
            ],
            [
                "GCA_927399515.1_gfLaeSulp1.1_genomic.A.1k.bedGraph.gz:md5,b7a81ac07cdb004b826f7f8bbea316bb",
                "GCA_927399515.1_gfLaeSulp1.1_genomic.A.1k.bedGraph.gz.csi:md5,8536b8b81667ab711d6ec27d9401f232",
                "GCA_927399515.1_gfLaeSulp1.1_genomic.A.1k.bedGraph.gz.gzi:md5,fc90d4b2f57dd96900ab6a000bec86f5",
                "GCA_927399515.1_gfLaeSulp1.1_genomic.A.1k.bedGraph.gz.tbi:md5,7d14864b9d5cfd810dd71d06fbed102a",
                "GCA_927399515.1_gfLaeSulp1.1_genomic.AT_skew.1k.bedGraph.gz:md5,db0be515af06753bec11b37aa680996b",
                "GCA_927399515.1_gfLaeSulp1.1_genomic.AT_skew.1k.bedGraph.gz.csi:md5,89fe80fd5b51f084b9f1edfb3855ac3d",
                "GCA_927399515.1_gfLaeSulp1.1_genomic.AT_skew.1k.bedGraph.gz.gzi:md5,ae08ba525863b3be14261952ab247e7a",
                "GCA_927399515.1_gfLaeSulp1.1_genomic.AT_skew.1k.bedGraph.gz.tbi:md5,e2b074237c46185e45e7f7966f47822b",
                "GCA_927399515.1_gfLaeSulp1.1_genomic.C.1k.bedGraph.gz:md5,5c75ff7288108e885166a8c912f86f13",
                "GCA_927399515.1_gfLaeSulp1.1_genomic.C.1k.bedGraph.gz.csi:md5,78f06a0b4eeb80ad12170c4ea151c009",
                "GCA_927399515.1_gfLaeSulp1.1_genomic.C.1k.bedGraph.gz.gzi:md5,577fedf4caa2e6c5b24400bb5b3fcd0e",
                "GCA_927399515.1_gfLaeSulp1.1_genomic.C.1k.bedGraph.gz.tbi:md5,03ddda3345812b6d9c845769fa7ef4cd",
                "GCA_927399515.1_gfLaeSulp1.1_genomic.G.1k.bedGraph.gz:md5,19f77fad478df20f68a5940c3c6ab4c8",
                "GCA_927399515.1_gfLaeSulp1.1_genomic.G.1k.bedGraph.gz.csi:md5,b039855a3fa77304cf7c7b9d7f6ae8b1",
                "GCA_927399515.1_gfLaeSulp1.1_genomic.G.1k.bedGraph.gz.gzi:md5,e9619bbbd0f97eb3ca7360f370a6fef4",
                "GCA_927399515.1_gfLaeSulp1.1_genomic.G.1k.bedGraph.gz.tbi:md5,3000f24c20b48abc0732c3e19c7ab09f",
                "GCA_927399515.1_gfLaeSulp1.1_genomic.GC.1k.bedGraph.gz:md5,dc0fc08dbcfcd2c2690aa4ab574ff868",
                "GCA_927399515.1_gfLaeSulp1.1_genomic.GC.1k.bedGraph.gz.csi:md5,48e281863719f9627d9b338ac9bfe317",
                "GCA_927399515.1_gfLaeSulp1.1_genomic.GC.1k.bedGraph.gz.gzi:md5,93f7015e6da1eac83f163d582e5c7b1d",
                "GCA_927399515.1_gfLaeSulp1.1_genomic.GC.1k.bedGraph.gz.tbi:md5,cf62b4fca7fa0089d55ed67d026f241a",
                "GCA_927399515.1_gfLaeSulp1.1_genomic.GC_skew.1k.bedGraph.gz:md5,555ec707d34d62f1d4bf1d76e4da3b42",
                "GCA_927399515.1_gfLaeSulp1.1_genomic.GC_skew.1k.bedGraph.gz.csi:md5,1421ffed2c0e25852a8513a27bd1ce42",
                "GCA_927399515.1_gfLaeSulp1.1_genomic.GC_skew.1k.bedGraph.gz.gzi:md5,613cb3d1ecf72908fd9fe331d6388bb0",
                "GCA_927399515.1_gfLaeSulp1.1_genomic.GC_skew.1k.bedGraph.gz.tbi:md5,bb4d579541e1d3bd1a6616c13fe58c30",
                "GCA_927399515.1_gfLaeSulp1.1_genomic.N.1k.bedGraph.gz:md5,70823190df6ee5fe591c91107c46a266",
                "GCA_927399515.1_gfLaeSulp1.1_genomic.N.1k.bedGraph.gz.csi:md5,b17ceaa067327409e7142d43a5092b47",
                "GCA_927399515.1_gfLaeSulp1.1_genomic.N.1k.bedGraph.gz.gzi:md5,672c577188a84df2e9cf0f118ff90a15",
                "GCA_927399515.1_gfLaeSulp1.1_genomic.N.1k.bedGraph.gz.tbi:md5,a962682a078bf54028a0fca33f06129f",
                "GCA_927399515.1_gfLaeSulp1.1_genomic.T.1k.bedGraph.gz:md5,1d8cc6033336f9fdec2c9164d4bc8894",
                "GCA_927399515.1_gfLaeSulp1.1_genomic.T.1k.bedGraph.gz.csi:md5,c2bcef70117a95f0db4f8785e326888d",
                "GCA_927399515.1_gfLaeSulp1.1_genomic.T.1k.bedGraph.gz.gzi:md5,24df0a5cbdc4d66ddfb7c86bd5569034",
                "GCA_927399515.1_gfLaeSulp1.1_genomic.T.1k.bedGraph.gz.tbi:md5,a923dc57cd9eed2cb40d176a269bff18",
                "GCA_927399515.1_gfLaeSulp1.1_genomic.mononuc.1k.tsv.gz:md5,d6b1664738f88a752b1f9786fd221abd",
                "GCA_927399515.1_gfLaeSulp1.1_genomic.mononuc.1k.tsv.gz.csi:md5,1e4377b99d92a7d1eb9f2a26438b133b",
                "GCA_927399515.1_gfLaeSulp1.1_genomic.mononuc.1k.tsv.gz.gzi:md5,78ab2b00668e86403fef46208d9c53af",
                "GCA_927399515.1_gfLaeSulp1.1_genomic.mononuc.1k.tsv.gz.tbi:md5,e26e35a7cdc0303dc86bb27d3f9eba1c",
                "GCA_927399515.1_gfLaeSulp1.1_genomic.nucShannon.1k.bedGraph.gz:md5,76a24196dcf44a1ac08cfaf467a5ab02",
                "GCA_927399515.1_gfLaeSulp1.1_genomic.nucShannon.1k.bedGraph.gz.csi:md5,ec445142ba4e3c9fa58537d45b64f2b2",
                "GCA_927399515.1_gfLaeSulp1.1_genomic.nucShannon.1k.bedGraph.gz.gzi:md5,988f60cd5208656decce4cd59edfe76e",
                "GCA_927399515.1_gfLaeSulp1.1_genomic.nucShannon.1k.bedGraph.gz.tbi:md5,0ef913c06fa97b2c298d514d633b447e",
                "GCA_927399515.1_gfLaeSulp1.1_genomic.CpG.1k.bedGraph.gz:md5,ca4fb98a7c1d96e07642f31664786de9",
                "GCA_927399515.1_gfLaeSulp1.1_genomic.CpG.1k.bedGraph.gz.csi:md5,d6f37e89bf1126be86e027acc1e56627",
                "GCA_927399515.1_gfLaeSulp1.1_genomic.CpG.1k.bedGraph.gz.gzi:md5,f7827b12a50066ec35205baddf11da54",
                "GCA_927399515.1_gfLaeSulp1.1_genomic.CpG.1k.bedGraph.gz.tbi:md5,e1334e2de3812725ed2d5b723af5ff4c",
                "GCA_927399515.1_gfLaeSulp1.1_genomic.dinuc.1k.tsv.gz:md5,ad5b574f5b8e6fe77dbdbcc8e756d492",
                "GCA_927399515.1_gfLaeSulp1.1_genomic.dinuc.1k.tsv.gz.csi:md5,8c012b09cf238572b28646420ad7ceaf",
                "GCA_927399515.1_gfLaeSulp1.1_genomic.dinuc.1k.tsv.gz.gzi:md5,2ab6843f0823013bd954d0333bd668e9",
                "GCA_927399515.1_gfLaeSulp1.1_genomic.dinuc.1k.tsv.gz.tbi:md5,1299ae64bedc02dc0ad0fbce8e4f22ca",
                "GCA_927399515.1_gfLaeSulp1.1_genomic.dinucShannon.1k.bedGraph.gz:md5,131c32a49ef06298decdb34137a6f4b5",
                "GCA_927399515.1_gfLaeSulp1.1_genomic.dinucShannon.1k.bedGraph.gz.csi:md5,c87bb4d6100aa7b44a0ddcc8333541c7",
                "GCA_927399515.1_gfLaeSulp1.1_genomic.dinucShannon.1k.bedGraph.gz.gzi:md5,c73aa59538ea46b0ed57be0ce2befe6f",
                "GCA_927399515.1_gfLaeSulp1.1_genomic.dinucShannon.1k.bedGraph.gz.tbi:md5,fc486664d69c3950b36b1cb5922f928a",
                "GCA_927399515.1_gfLaeSulp1.1_genomic.trinuc.1k.tsv.gz:md5,2939c969837f01dbd9b9db9e18a0c13b",
                "GCA_927399515.1_gfLaeSulp1.1_genomic.trinuc.1k.tsv.gz.csi:md5,2a9bd07f902fec84f30c1a40860ba066",
                "GCA_927399515.1_gfLaeSulp1.1_genomic.trinuc.1k.tsv.gz.gzi:md5,953577c6e7971b4869f23ba76d2e6bf1",
                "GCA_927399515.1_gfLaeSulp1.1_genomic.trinuc.1k.tsv.gz.tbi:md5,5a14da1f85e39d13be7e48e5aac83790",
                "GCA_927399515.1_gfLaeSulp1.1_genomic.trinucShannon.1k.bedGraph.gz:md5,7f5215d0e152c7ee9813eb1057fc41e9",
                "GCA_927399515.1_gfLaeSulp1.1_genomic.trinucShannon.1k.bedGraph.gz.csi:md5,359d8f3c875c0ef1fec2b8f4a28bd895",
                "GCA_927399515.1_gfLaeSulp1.1_genomic.trinucShannon.1k.bedGraph.gz.gzi:md5,4ca16ddc0ce2b3127ddf9926806fd0a9",
                "GCA_927399515.1_gfLaeSulp1.1_genomic.trinucShannon.1k.bedGraph.gz.tbi:md5,cbcf7f40b7ad8f0d232e85c9bcecd61f",
                "GCA_927399515.1_gfLaeSulp1.1_genomic.tetranuc.1k.tsv.gz:md5,d5ec6bde2395a5f54db48250da70515f",
                "GCA_927399515.1_gfLaeSulp1.1_genomic.tetranuc.1k.tsv.gz.csi:md5,a49eabcb6cc736461f02e7e16c40da62",
                "GCA_927399515.1_gfLaeSulp1.1_genomic.tetranuc.1k.tsv.gz.gzi:md5,907a27f8e0be0af1de1bc9afeaaccf0c",
                "GCA_927399515.1_gfLaeSulp1.1_genomic.tetranuc.1k.tsv.gz.tbi:md5,3d155e04943a25709982c12ad6d43e6c",
                "GCA_927399515.1_gfLaeSulp1.1_genomic.tetranucShannon.1k.bedGraph.gz:md5,95dce5f3970e051ae2fda72dcb2bfb86",
                "GCA_927399515.1_gfLaeSulp1.1_genomic.tetranucShannon.1k.bedGraph.gz.csi:md5,4c80f8667320b2fd4c7daa3117fb0bfd",
                "GCA_927399515.1_gfLaeSulp1.1_genomic.tetranucShannon.1k.bedGraph.gz.gzi:md5,74257caadc2ae285791e95809e8d79dd",
                "GCA_927399515.1_gfLaeSulp1.1_genomic.tetranucShannon.1k.bedGraph.gz.tbi:md5,7e4316030e1bac3e5e97ec1aa56b247d"
            ]
        ],
        "meta": {
            "nf-test": "0.9.3",
            "nextflow": "25.10.2"
        },
        "timestamp": "2026-04-11T13:13:29.588694947"
    }
}