{
    "-profile test": {
        "content": [
            20,
            {
                "BGZIPTABIX_ALL": {
                    "bgzip": 1.21,
                    "tabix": 1.21
                },
                "BGZIPTABIX_COL": {
                    "bgzip": 1.21,
                    "tabix": 1.21
                },
                "FASTAWINDOWS": {
                    "fasta_windows": "0.2.4"
                },
                "GUNZIP": {
                    "gunzip": 1.13
                },
                "SAMTOOLS_FAIDX": {
                    "samtools": "1.23.1"
                },
                "Workflow": {
                    "sanger-tol/sequencecomposition": "v1.3.0dev"
                }
            },
            [
                "base_content",
                "base_content/k1",
                "base_content/k1/GCA_927399515.2_gfLaeSulp1.2_genomic.A.1k.bedGraph.gz",
                "base_content/k1/GCA_927399515.2_gfLaeSulp1.2_genomic.A.1k.bedGraph.gz.csi",
                "base_content/k1/GCA_927399515.2_gfLaeSulp1.2_genomic.A.1k.bedGraph.gz.gzi",
                "base_content/k1/GCA_927399515.2_gfLaeSulp1.2_genomic.A.1k.bedGraph.gz.tbi",
                "base_content/k1/GCA_927399515.2_gfLaeSulp1.2_genomic.AT_skew.1k.bedGraph.gz",
                "base_content/k1/GCA_927399515.2_gfLaeSulp1.2_genomic.AT_skew.1k.bedGraph.gz.csi",
                "base_content/k1/GCA_927399515.2_gfLaeSulp1.2_genomic.AT_skew.1k.bedGraph.gz.gzi",
                "base_content/k1/GCA_927399515.2_gfLaeSulp1.2_genomic.AT_skew.1k.bedGraph.gz.tbi",
                "base_content/k1/GCA_927399515.2_gfLaeSulp1.2_genomic.C.1k.bedGraph.gz",
                "base_content/k1/GCA_927399515.2_gfLaeSulp1.2_genomic.C.1k.bedGraph.gz.csi",
                "base_content/k1/GCA_927399515.2_gfLaeSulp1.2_genomic.C.1k.bedGraph.gz.gzi",
                "base_content/k1/GCA_927399515.2_gfLaeSulp1.2_genomic.C.1k.bedGraph.gz.tbi",
                "base_content/k1/GCA_927399515.2_gfLaeSulp1.2_genomic.G.1k.bedGraph.gz",
                "base_content/k1/GCA_927399515.2_gfLaeSulp1.2_genomic.G.1k.bedGraph.gz.csi",
                "base_content/k1/GCA_927399515.2_gfLaeSulp1.2_genomic.G.1k.bedGraph.gz.gzi",
                "base_content/k1/GCA_927399515.2_gfLaeSulp1.2_genomic.G.1k.bedGraph.gz.tbi",
                "base_content/k1/GCA_927399515.2_gfLaeSulp1.2_genomic.GC.1k.bedGraph.gz",
                "base_content/k1/GCA_927399515.2_gfLaeSulp1.2_genomic.GC.1k.bedGraph.gz.csi",
                "base_content/k1/GCA_927399515.2_gfLaeSulp1.2_genomic.GC.1k.bedGraph.gz.gzi",
                "base_content/k1/GCA_927399515.2_gfLaeSulp1.2_genomic.GC.1k.bedGraph.gz.tbi",
                "base_content/k1/GCA_927399515.2_gfLaeSulp1.2_genomic.GC_skew.1k.bedGraph.gz",
                "base_content/k1/GCA_927399515.2_gfLaeSulp1.2_genomic.GC_skew.1k.bedGraph.gz.csi",
                "base_content/k1/GCA_927399515.2_gfLaeSulp1.2_genomic.GC_skew.1k.bedGraph.gz.gzi",
                "base_content/k1/GCA_927399515.2_gfLaeSulp1.2_genomic.GC_skew.1k.bedGraph.gz.tbi",
                "base_content/k1/GCA_927399515.2_gfLaeSulp1.2_genomic.N.1k.bedGraph.gz",
                "base_content/k1/GCA_927399515.2_gfLaeSulp1.2_genomic.N.1k.bedGraph.gz.csi",
                "base_content/k1/GCA_927399515.2_gfLaeSulp1.2_genomic.N.1k.bedGraph.gz.gzi",
                "base_content/k1/GCA_927399515.2_gfLaeSulp1.2_genomic.N.1k.bedGraph.gz.tbi",
                "base_content/k1/GCA_927399515.2_gfLaeSulp1.2_genomic.T.1k.bedGraph.gz",
                "base_content/k1/GCA_927399515.2_gfLaeSulp1.2_genomic.T.1k.bedGraph.gz.csi",
                "base_content/k1/GCA_927399515.2_gfLaeSulp1.2_genomic.T.1k.bedGraph.gz.gzi",
                "base_content/k1/GCA_927399515.2_gfLaeSulp1.2_genomic.T.1k.bedGraph.gz.tbi",
                "base_content/k1/GCA_927399515.2_gfLaeSulp1.2_genomic.mononuc.1k.tsv.gz",
                "base_content/k1/GCA_927399515.2_gfLaeSulp1.2_genomic.mononuc.1k.tsv.gz.csi",
                "base_content/k1/GCA_927399515.2_gfLaeSulp1.2_genomic.mononuc.1k.tsv.gz.gzi",
                "base_content/k1/GCA_927399515.2_gfLaeSulp1.2_genomic.mononuc.1k.tsv.gz.tbi",
                "base_content/k1/GCA_927399515.2_gfLaeSulp1.2_genomic.nucShannon.1k.bedGraph.gz",
                "base_content/k1/GCA_927399515.2_gfLaeSulp1.2_genomic.nucShannon.1k.bedGraph.gz.csi",
                "base_content/k1/GCA_927399515.2_gfLaeSulp1.2_genomic.nucShannon.1k.bedGraph.gz.gzi",
                "base_content/k1/GCA_927399515.2_gfLaeSulp1.2_genomic.nucShannon.1k.bedGraph.gz.tbi",
                "base_content/k2",
                "base_content/k2/GCA_927399515.2_gfLaeSulp1.2_genomic.CpG.1k.bedGraph.gz",
                "base_content/k2/GCA_927399515.2_gfLaeSulp1.2_genomic.CpG.1k.bedGraph.gz.csi",
                "base_content/k2/GCA_927399515.2_gfLaeSulp1.2_genomic.CpG.1k.bedGraph.gz.gzi",
                "base_content/k2/GCA_927399515.2_gfLaeSulp1.2_genomic.CpG.1k.bedGraph.gz.tbi",
                "base_content/k2/GCA_927399515.2_gfLaeSulp1.2_genomic.dinuc.1k.tsv.gz",
                "base_content/k2/GCA_927399515.2_gfLaeSulp1.2_genomic.dinuc.1k.tsv.gz.csi",
                "base_content/k2/GCA_927399515.2_gfLaeSulp1.2_genomic.dinuc.1k.tsv.gz.gzi",
                "base_content/k2/GCA_927399515.2_gfLaeSulp1.2_genomic.dinuc.1k.tsv.gz.tbi",
                "base_content/k2/GCA_927399515.2_gfLaeSulp1.2_genomic.dinucShannon.1k.bedGraph.gz",
                "base_content/k2/GCA_927399515.2_gfLaeSulp1.2_genomic.dinucShannon.1k.bedGraph.gz.csi",
                "base_content/k2/GCA_927399515.2_gfLaeSulp1.2_genomic.dinucShannon.1k.bedGraph.gz.gzi",
                "base_content/k2/GCA_927399515.2_gfLaeSulp1.2_genomic.dinucShannon.1k.bedGraph.gz.tbi",
                "base_content/k3",
                "base_content/k3/GCA_927399515.2_gfLaeSulp1.2_genomic.trinuc.1k.tsv.gz",
                "base_content/k3/GCA_927399515.2_gfLaeSulp1.2_genomic.trinuc.1k.tsv.gz.csi",
                "base_content/k3/GCA_927399515.2_gfLaeSulp1.2_genomic.trinuc.1k.tsv.gz.gzi",
                "base_content/k3/GCA_927399515.2_gfLaeSulp1.2_genomic.trinuc.1k.tsv.gz.tbi",
                "base_content/k3/GCA_927399515.2_gfLaeSulp1.2_genomic.trinucShannon.1k.bedGraph.gz",
                "base_content/k3/GCA_927399515.2_gfLaeSulp1.2_genomic.trinucShannon.1k.bedGraph.gz.csi",
                "base_content/k3/GCA_927399515.2_gfLaeSulp1.2_genomic.trinucShannon.1k.bedGraph.gz.gzi",
                "base_content/k3/GCA_927399515.2_gfLaeSulp1.2_genomic.trinucShannon.1k.bedGraph.gz.tbi",
                "base_content/k4",
                "base_content/k4/GCA_927399515.2_gfLaeSulp1.2_genomic.tetranuc.1k.tsv.gz",
                "base_content/k4/GCA_927399515.2_gfLaeSulp1.2_genomic.tetranuc.1k.tsv.gz.csi",
                "base_content/k4/GCA_927399515.2_gfLaeSulp1.2_genomic.tetranuc.1k.tsv.gz.gzi",
                "base_content/k4/GCA_927399515.2_gfLaeSulp1.2_genomic.tetranuc.1k.tsv.gz.tbi",
                "base_content/k4/GCA_927399515.2_gfLaeSulp1.2_genomic.tetranucShannon.1k.bedGraph.gz",
                "base_content/k4/GCA_927399515.2_gfLaeSulp1.2_genomic.tetranucShannon.1k.bedGraph.gz.csi",
                "base_content/k4/GCA_927399515.2_gfLaeSulp1.2_genomic.tetranucShannon.1k.bedGraph.gz.gzi",
                "base_content/k4/GCA_927399515.2_gfLaeSulp1.2_genomic.tetranucShannon.1k.bedGraph.gz.tbi",
                "pipeline_info",
                "pipeline_info/sequencecomposition_software_versions.yml"
            ],
            [
                "GCA_927399515.2_gfLaeSulp1.2_genomic.A.1k.bedGraph.gz:md5,e2b56e7e6f1466bd78c6cd79a466db08",
                "GCA_927399515.2_gfLaeSulp1.2_genomic.A.1k.bedGraph.gz.csi:md5,21bc610bb0254902283ce06f53fd9c34",
                "GCA_927399515.2_gfLaeSulp1.2_genomic.A.1k.bedGraph.gz.gzi:md5,b8d25ce168904e794297ab6f39104567",
                "GCA_927399515.2_gfLaeSulp1.2_genomic.A.1k.bedGraph.gz.tbi:md5,9549132228a8359ed9a752910744b3ba",
                "GCA_927399515.2_gfLaeSulp1.2_genomic.AT_skew.1k.bedGraph.gz:md5,672d03e2e8356e2a423e46c421b6d6e4",
                "GCA_927399515.2_gfLaeSulp1.2_genomic.AT_skew.1k.bedGraph.gz.csi:md5,d2855608e0ab1a56216fd36b278e283c",
                "GCA_927399515.2_gfLaeSulp1.2_genomic.AT_skew.1k.bedGraph.gz.gzi:md5,154a2b157372f1d3d6f45d9403e48868",
                "GCA_927399515.2_gfLaeSulp1.2_genomic.AT_skew.1k.bedGraph.gz.tbi:md5,5f997901e36af134754827bf77b6e470",
                "GCA_927399515.2_gfLaeSulp1.2_genomic.C.1k.bedGraph.gz:md5,f539a55968d6058d8181ad142b2d5d6b",
                "GCA_927399515.2_gfLaeSulp1.2_genomic.C.1k.bedGraph.gz.csi:md5,e333d0fee98f8f983165d1be28dc143e",
                "GCA_927399515.2_gfLaeSulp1.2_genomic.C.1k.bedGraph.gz.gzi:md5,4238227922273d7a97c7b128407d0755",
                "GCA_927399515.2_gfLaeSulp1.2_genomic.C.1k.bedGraph.gz.tbi:md5,74a2f4f72c3bee045d9e5e5fb1236cd4",
                "GCA_927399515.2_gfLaeSulp1.2_genomic.G.1k.bedGraph.gz:md5,ac418fd775b933b27b145b525b889687",
                "GCA_927399515.2_gfLaeSulp1.2_genomic.G.1k.bedGraph.gz.csi:md5,b5006c041d13c98a8426a76c79f862e7",
                "GCA_927399515.2_gfLaeSulp1.2_genomic.G.1k.bedGraph.gz.gzi:md5,f0e7494e96fb5805c297cac1bdbda3fd",
                "GCA_927399515.2_gfLaeSulp1.2_genomic.G.1k.bedGraph.gz.tbi:md5,df6461c81fd8819765941a5fd9fe088b",
                "GCA_927399515.2_gfLaeSulp1.2_genomic.GC.1k.bedGraph.gz:md5,6cce0559edbeee910cb258432ab193aa",
                "GCA_927399515.2_gfLaeSulp1.2_genomic.GC.1k.bedGraph.gz.csi:md5,3d41aae67183f4816c0356a5dbd5ff63",
                "GCA_927399515.2_gfLaeSulp1.2_genomic.GC.1k.bedGraph.gz.gzi:md5,23d4397ff6ee2ea1b18433bb21721154",
                "GCA_927399515.2_gfLaeSulp1.2_genomic.GC.1k.bedGraph.gz.tbi:md5,aaeff76d22c91000be32fbbacba5c36c",
                "GCA_927399515.2_gfLaeSulp1.2_genomic.GC_skew.1k.bedGraph.gz:md5,c76a9885355a0c15549740f737642e93",
                "GCA_927399515.2_gfLaeSulp1.2_genomic.GC_skew.1k.bedGraph.gz.csi:md5,959df16b3b98b857190f9eea88422b82",
                "GCA_927399515.2_gfLaeSulp1.2_genomic.GC_skew.1k.bedGraph.gz.gzi:md5,492bb63df25907a669ddac879ce29a5d",
                "GCA_927399515.2_gfLaeSulp1.2_genomic.GC_skew.1k.bedGraph.gz.tbi:md5,fe97cf53659fca352507bf3c9e68ed4e",
                "GCA_927399515.2_gfLaeSulp1.2_genomic.N.1k.bedGraph.gz:md5,b8a9f53ef8b8c7b04e58517b46620e2c",
                "GCA_927399515.2_gfLaeSulp1.2_genomic.N.1k.bedGraph.gz.csi:md5,5b1966f7640dc700187f673e60b78f5a",
                "GCA_927399515.2_gfLaeSulp1.2_genomic.N.1k.bedGraph.gz.gzi:md5,672c577188a84df2e9cf0f118ff90a15",
                "GCA_927399515.2_gfLaeSulp1.2_genomic.N.1k.bedGraph.gz.tbi:md5,d4f5e4238ef51e35158ad58520dd7978",
                "GCA_927399515.2_gfLaeSulp1.2_genomic.T.1k.bedGraph.gz:md5,564d401527041319130d31a4c9cef9d1",
                "GCA_927399515.2_gfLaeSulp1.2_genomic.T.1k.bedGraph.gz.csi:md5,f3e90b69ecb57e1574c9b104805c32b6",
                "GCA_927399515.2_gfLaeSulp1.2_genomic.T.1k.bedGraph.gz.gzi:md5,161b9611a78e0288005112e8699f4eec",
                "GCA_927399515.2_gfLaeSulp1.2_genomic.T.1k.bedGraph.gz.tbi:md5,0c377bca495dec3eb5b26c36aabe8cdc",
                "GCA_927399515.2_gfLaeSulp1.2_genomic.mononuc.1k.tsv.gz:md5,ef62051171924c39c72d15b7ad625eb2",
                "GCA_927399515.2_gfLaeSulp1.2_genomic.mononuc.1k.tsv.gz.csi:md5,e2eb088628f34a0519fa8db6088476cf",
                "GCA_927399515.2_gfLaeSulp1.2_genomic.mononuc.1k.tsv.gz.gzi:md5,37c5e949e3790ee9eda8ef6d437f3536",
                "GCA_927399515.2_gfLaeSulp1.2_genomic.mononuc.1k.tsv.gz.tbi:md5,1318f6a64707ded1cd5eb52156407023",
                "GCA_927399515.2_gfLaeSulp1.2_genomic.nucShannon.1k.bedGraph.gz:md5,c6632160fbcc0d239802c00926f86337",
                "GCA_927399515.2_gfLaeSulp1.2_genomic.nucShannon.1k.bedGraph.gz.csi:md5,de3f8d01a0c7df3f04495424abccb357",
                "GCA_927399515.2_gfLaeSulp1.2_genomic.nucShannon.1k.bedGraph.gz.gzi:md5,f22c34d31c8db7752026967d1a0aeae4",
                "GCA_927399515.2_gfLaeSulp1.2_genomic.nucShannon.1k.bedGraph.gz.tbi:md5,3e4c6fcf70f57e56d048602b0d6f2e59",
                "GCA_927399515.2_gfLaeSulp1.2_genomic.CpG.1k.bedGraph.gz:md5,62f26f3f3fbc1ed0df54cd27be8ed20c",
                "GCA_927399515.2_gfLaeSulp1.2_genomic.CpG.1k.bedGraph.gz.csi:md5,aefabc2856c636658eb26916414ed621",
                "GCA_927399515.2_gfLaeSulp1.2_genomic.CpG.1k.bedGraph.gz.gzi:md5,21db1b7b526ac65499a54def513c1762",
                "GCA_927399515.2_gfLaeSulp1.2_genomic.CpG.1k.bedGraph.gz.tbi:md5,297e812e17de0834522c64425b373be5",
                "GCA_927399515.2_gfLaeSulp1.2_genomic.dinuc.1k.tsv.gz:md5,15ef860f005b848f0643f34fbd7c4978",
                "GCA_927399515.2_gfLaeSulp1.2_genomic.dinuc.1k.tsv.gz.csi:md5,bc20b8ccfd8dcea9c044a4fefed361c6",
                "GCA_927399515.2_gfLaeSulp1.2_genomic.dinuc.1k.tsv.gz.gzi:md5,a2a38c34b4a84078df3bc37c13213ffa",
                "GCA_927399515.2_gfLaeSulp1.2_genomic.dinuc.1k.tsv.gz.tbi:md5,ef21bf99e5ed1e30ca1530acde2b22d2",
                "GCA_927399515.2_gfLaeSulp1.2_genomic.dinucShannon.1k.bedGraph.gz:md5,a1613a75c50d4fca7e2a055dd101b683",
                "GCA_927399515.2_gfLaeSulp1.2_genomic.dinucShannon.1k.bedGraph.gz.csi:md5,1390a3d481852cbfade26d01614999b6",
                "GCA_927399515.2_gfLaeSulp1.2_genomic.dinucShannon.1k.bedGraph.gz.gzi:md5,51ac21053135e5881e53a02dec2aa197",
                "GCA_927399515.2_gfLaeSulp1.2_genomic.dinucShannon.1k.bedGraph.gz.tbi:md5,f7e708720a317f1dc333a51793cba772",
                "GCA_927399515.2_gfLaeSulp1.2_genomic.trinuc.1k.tsv.gz:md5,cb9781bd0895e06e31f2ec7dfdee7b56",
                "GCA_927399515.2_gfLaeSulp1.2_genomic.trinuc.1k.tsv.gz.csi:md5,237c8c764beb35525b5f65c3497a416e",
                "GCA_927399515.2_gfLaeSulp1.2_genomic.trinuc.1k.tsv.gz.gzi:md5,5130ca4bed83f15f708f2cbf239f4969",
                "GCA_927399515.2_gfLaeSulp1.2_genomic.trinuc.1k.tsv.gz.tbi:md5,2a4e4ada8fdbb15dbe7ab1fe6a74b988",
                "GCA_927399515.2_gfLaeSulp1.2_genomic.trinucShannon.1k.bedGraph.gz:md5,f3e1449ee9a0f0717033e1474c4c5ccb",
                "GCA_927399515.2_gfLaeSulp1.2_genomic.trinucShannon.1k.bedGraph.gz.csi:md5,e7f5c8ac64a107fc53dfca280fe4d29b",
                "GCA_927399515.2_gfLaeSulp1.2_genomic.trinucShannon.1k.bedGraph.gz.gzi:md5,8c8c1a8a7fa449df433223cee7daf2ae",
                "GCA_927399515.2_gfLaeSulp1.2_genomic.trinucShannon.1k.bedGraph.gz.tbi:md5,8fb1c047abb9ecdd53c73e4ba058f1ec",
                "GCA_927399515.2_gfLaeSulp1.2_genomic.tetranuc.1k.tsv.gz:md5,c45f8511991381ab69e38803b25ac086",
                "GCA_927399515.2_gfLaeSulp1.2_genomic.tetranuc.1k.tsv.gz.csi:md5,c6c268219949b049291186cc3df6bd18",
                "GCA_927399515.2_gfLaeSulp1.2_genomic.tetranuc.1k.tsv.gz.gzi:md5,13867055e6275036da753deba8e736d6",
                "GCA_927399515.2_gfLaeSulp1.2_genomic.tetranuc.1k.tsv.gz.tbi:md5,36190bc4857c3056798097542a30302f",
                "GCA_927399515.2_gfLaeSulp1.2_genomic.tetranucShannon.1k.bedGraph.gz:md5,e02d7e2771c6c23c14c68b3064eadbcc",
                "GCA_927399515.2_gfLaeSulp1.2_genomic.tetranucShannon.1k.bedGraph.gz.csi:md5,f6334e4bbc4339a75910060525c42177",
                "GCA_927399515.2_gfLaeSulp1.2_genomic.tetranucShannon.1k.bedGraph.gz.gzi:md5,3e09be54b415bad0081acb1b01f90261",
                "GCA_927399515.2_gfLaeSulp1.2_genomic.tetranucShannon.1k.bedGraph.gz.tbi:md5,f5b9635272a1cd08e7f2457b8ffd063f"
            ]
        ],
        "timestamp": "2026-05-15T13:50:50.107336176",
        "meta": {
            "nf-test": "0.9.5",
            "nextflow": "25.10.2"
        }
    }
}